Case #1: YES
Case #2: NO
Case #3: YES
Case #4: YES
Case #5: YES
Case #6: YES
Case #7: NO
Case #8: NO
Case #9: YES
Case #10: YES
Case #11: YES
Case #12: YES
Case #13: YES
Case #14: YES
Case #15: YES
Case #16: YES
Case #17: NO
Case #18: YES
Case #19: YES
Case #20: YES
Case #21: YES
Case #22: YES
Case #23: YES
Case #24: YES
Case #25: NO
Case #26: YES
Case #27: YES
Case #28: NO
Case #29: NO
Case #30: NO
Case #31: YES
Case #32: YES
Case #33: YES
Case #34: NO
Case #35: YES
Case #36: YES
Case #37: YES
Case #38: YES
Case #39: YES
Case #40: YES
Case #41: NO
Case #42: YES
Case #43: NO
Case #44: YES
Case #45: YES
Case #46: YES
Case #47: NO
Case #48: YES
Case #49: YES
Case #50: YES
Case #51: YES
Case #52: YES
Case #53: YES
Case #54: YES
Case #55: NO
Case #56: NO
Case #57: YES
Case #58: NO
Case #59: YES
Case #60: NO
Case #61: NO
Case #62: YES
Case #63: NO
Case #64: NO
Case #65: YES
Case #66: YES
Case #67: YES
Case #68: YES
Case #69: YES
Case #70: YES
Case #71: YES
Case #72: YES
Case #73: YES
Case #74: YES
Case #75: YES
Case #76: NO
Case #77: YES
Case #78: YES
Case #79: YES
Case #80: YES
Case #81: YES
Case #82: NO
Case #83: NO
Case #84: NO
Case #85: YES
Case #86: NO
Case #87: YES
Case #88: NO
Case #89: YES
Case #90: YES
Case #91: YES
Case #92: YES
Case #93: YES
Case #94: YES
Case #95: YES
Case #96: YES
Case #97: YES
Case #98: YES
Case #99: YES
Case #100: NO
