Case #1: YES
Case #2: NO
Case #3: NO
Case #4: YES
Case #5: YES
Case #6: YES
Case #7: YES
Case #8: YES
Case #9: NO
Case #10: YES
Case #11: YES
Case #12: NO
Case #13: NO
Case #14: NO
Case #15: YES
Case #16: YES
Case #17: NO
Case #18: YES
Case #19: YES
Case #20: YES
Case #21: YES
Case #22: YES
Case #23: NO
Case #24: YES
Case #25: NO
Case #26: YES
Case #27: NO
Case #28: YES
Case #29: YES
Case #30: YES
Case #31: NO
Case #32: YES
Case #33: NO
Case #34: NO
Case #35: YES
Case #36: YES
Case #37: YES
Case #38: YES
Case #39: NO
Case #40: NO
Case #41: YES
Case #42: YES
Case #43: YES
Case #44: YES
Case #45: YES
Case #46: YES
Case #47: YES
Case #48: YES
Case #49: NO
Case #50: YES
Case #51: YES
Case #52: NO
Case #53: YES
Case #54: NO
Case #55: YES
Case #56: YES
Case #57: YES
Case #58: YES
Case #59: YES
Case #60: YES
Case #61: YES
Case #62: YES
Case #63: YES
Case #64: YES
Case #65: YES
Case #66: YES
Case #67: YES
Case #68: YES
Case #69: YES
Case #70: YES
Case #71: NO
Case #72: YES
Case #73: YES
Case #74: NO
Case #75: YES
Case #76: NO
Case #77: YES
Case #78: NO
Case #79: YES
Case #80: YES
Case #81: NO
Case #82: NO
Case #83: YES
Case #84: YES
Case #85: NO
Case #86: NO
Case #87: YES
Case #88: YES
Case #89: YES
Case #90: YES
Case #91: YES
Case #92: YES
Case #93: YES
Case #94: YES
Case #95: YES
Case #96: YES
Case #97: YES
Case #98: YES
Case #99: NO
Case #100: YES
